// Jest Snapshot v1, https://goo.gl/fbAQLP

exports[`WP wp command Works OK and passes error code on errors 1`] = `
Object {
  "stderr": "",
  "stdout": "name,status,update,version
chisel-test-wp-chisel,active,none,",
}
`;

exports[`WP wp command Works OK and passes error code on errors 2`] = `"Process.exit: 1"`;

exports[`WP wp command Works OK and passes error code on errors 3`] = `
Object {
  "stderr": "[31;1mError:[0m 'not-existing' is not a registered wp command. See 'wp help' for available commands.",
  "stdout": "",
}
`;
