// Jest Snapshot v1, https://goo.gl/fbAQLP

exports[`FE Content Simple 1`] = `
Array [
  "dist/hello.html",
  "dist/scripts/app.--HASH--.full.js",
  "dist/scripts/app.--HASH--.js",
  "dist/scripts/app.--HASH--.js.map",
  "dist/styles/main.--HASH--.css",
  "dist/styles/main.--HASH--.css.map",
  "dist/styles/main.--HASH--.full.css",
]
`;

exports[`FE Content Simple 2`] = `
"<!DOCTYPE html>
<h1>Hello Hello</h1>
<div>
  <p>Some Content</p>
</div>"
`;
